This is pdfTeX, Version 3.141592653-2.6-1.40.28 (MiKTeX 25.12) (preloaded format=pdflatex 2026.7.1)  15 AUG 2026 01:02
entering extended mode
 restricted \write18 enabled.
 file:line:error style messages enabled.
 %&-line parsing enabled.
**c:/Users/Chitra/Downloads/Minor_Project_Report/main.tex
(c:/Users/Chitra/Downloads/Minor_Project_Report/main.tex
LaTeX2e <2025-11-01>
L3 programming layer <2025-12-24>
(C:\Users\Chitra\AppData\Local\Programs\MiKTeX\tex/latex/base\report.cls
Document Class: report 2025/01/22 v1.4n Standard LaTeX document class
(C:\Users\Chitra\AppData\Local\Programs\MiKTeX\tex/latex/base\size12.clo
File: size12.clo 2025/01/22 v1.4n Standard LaTeX file (size option)
)
\c@part=\count275
\c@chapter=\count276
\c@section=\count277
\c@subsection=\count278
\c@subsubsection=\count279
\c@paragraph=\count280
\c@subparagraph=\count281
\c@figure=\count282
\c@table=\count283
\abovecaptionskip=\skip49
\belowcaptionskip=\skip50
\bibindent=\dimen148
) (C:\Users\Chitra\AppData\Local\Programs\MiKTeX\tex/latex/geometry\geometry.sty
Package: geometry 2026/03/07 v6.0 Page Geometry
 (C:\Users\Chitra\AppData\Local\Programs\MiKTeX\tex/latex/graphics\keyval.sty
Package: keyval 2022/05/29 v1.15 key=value parser (DPC)
\KV@toks@=\toks17
) (C:\Users\Chitra\AppData\Local\Programs\MiKTeX\tex/generic/iftex\ifvtex.sty
Package: ifvtex 2019/10/25 v1.7 ifvtex legacy package. Use iftex instead.
 (C:\Users\Chitra\AppData\Local\Programs\MiKTeX\tex/generic/iftex\iftex.sty
Package: iftex 2024/12/12 v1.0g TeX engine tests
))
\Gm@cnth=\count284
\Gm@cntv=\count285
\c@Gm@tempcnt=\count286
\Gm@bindingoffset=\dimen149
\Gm@wd@mp=\dimen150
\Gm@odd@mp=\dimen151
\Gm@even@mp=\dimen152
\Gm@layoutwidth=\dimen153
\Gm@layoutheight=\dimen154
\Gm@layouthoffset=\dimen155
\Gm@layoutvoffset=\dimen156
\Gm@dimlist=\toks18
 (C:\Users\Chitra\AppData\Local\Programs\MiKTeX\tex/latex/geometry\geometry.cfg)) (C:\Users\Chitra\AppData\Local\Programs\MiKTeX\tex/latex/graphics\graphicx.sty
Package: graphicx 2024/12/31 v1.2e Enhanced LaTeX Graphics (DPC,SPQR)
 (C:\Users\Chitra\AppData\Local\Programs\MiKTeX\tex/latex/graphics\graphics.sty
Package: graphics 2024/08/06 v1.4g Standard LaTeX Graphics (DPC,SPQR)
 (C:\Users\Chitra\AppData\Local\Programs\MiKTeX\tex/latex/graphics\trig.sty
Package: trig 2023/12/02 v1.11 sin cos tan (DPC)
) (C:\Users\Chitra\AppData\Local\Programs\MiKTeX\tex/latex/graphics-cfg\graphics.cfg
File: graphics.cfg 2016/06/04 v1.11 sample graphics configuration
)
Package graphics Info: Driver file: pdftex.def on input line 106.
 (C:\Users\Chitra\AppData\Local\Programs\MiKTeX\tex/latex/graphics-def\pdftex.def
File: pdftex.def 2025/09/29 v1.2d Graphics/color driver for pdftex
))
\Gin@req@height=\dimen157
\Gin@req@width=\dimen158
) (C:\Users\Chitra\AppData\Local\Programs\MiKTeX\tex/latex/titlesec\titlesec.sty
Package: titlesec 2025/01/04 v2.17 Sectioning titles
\ttl@box=\box53
\beforetitleunit=\skip51
\aftertitleunit=\skip52
\ttl@plus=\dimen159
\ttl@minus=\dimen160
\ttl@toksa=\toks19
\titlewidth=\dimen161
\titlewidthlast=\dimen162
\titlewidthfirst=\dimen163
) (C:\Users\Chitra\AppData\Local\Programs\MiKTeX\tex/latex/titlesec\titletoc.sty
Package: titletoc 2025/01/04 v2.17 TOC entries
\ttl@leftsep=\dimen164
) (C:\Users\Chitra\AppData\Local\Programs\MiKTeX\tex/latex/setspace\setspace.sty
Package: setspace 2022/12/04 v6.7b set line spacing
) (C:\Users\Chitra\AppData\Local\Programs\MiKTeX\tex/latex/caption\caption.sty
Package: caption 2023/08/05 v3.6o Customizing captions (AR)
 (C:\Users\Chitra\AppData\Local\Programs\MiKTeX\tex/latex/caption\caption3.sty
Package: caption3 2023/07/31 v2.4d caption3 kernel (AR)
\caption@tempdima=\dimen165
\captionmargin=\dimen166
\caption@leftmargin=\dimen167
\caption@rightmargin=\dimen168
\caption@width=\dimen169
\caption@indent=\dimen170
\caption@parindent=\dimen171
\caption@hangindent=\dimen172
Package caption Info: Standard document class detected.
)
\c@caption@flags=\count287
\c@continuedfloat=\count288
) (C:\Users\Chitra\AppData\Local\Programs\MiKTeX\tex/latex/natbib\natbib.sty
Package: natbib 2010/09/13 8.31b (PWD, AO)
\bibhang=\skip53
\bibsep=\skip54
LaTeX Info: Redefining \cite on input line 694.
\c@NAT@ctr=\count289
) (C:\Users\Chitra\AppData\Local\Programs\MiKTeX\tex/latex/amsmath\amsmath.sty
Package: amsmath 2025/07/09 v2.17z AMS math features
\@mathmargin=\skip55

For additional information on amsmath, use the `?' option.
(C:\Users\Chitra\AppData\Local\Programs\MiKTeX\tex/latex/amsmath\amstext.sty
Package: amstext 2024/11/17 v2.01 AMS text
 (C:\Users\Chitra\AppData\Local\Programs\MiKTeX\tex/latex/amsmath\amsgen.sty
File: amsgen.sty 1999/11/30 v2.0 generic functions
\@emptytoks=\toks20
\ex@=\dimen173
)) (C:\Users\Chitra\AppData\Local\Programs\MiKTeX\tex/latex/amsmath\amsbsy.sty
Package: amsbsy 1999/11/29 v1.2d Bold Symbols
\pmbraise@=\dimen174
) (C:\Users\Chitra\AppData\Local\Programs\MiKTeX\tex/latex/amsmath\amsopn.sty
Package: amsopn 2022/04/08 v2.04 operator names
)
\inf@bad=\count290
LaTeX Info: Redefining \frac on input line 233.
\uproot@=\count291
\leftroot@=\count292
LaTeX Info: Redefining \overline on input line 398.
LaTeX Info: Redefining \colon on input line 409.
\classnum@=\count293
\DOTSCASE@=\count294
LaTeX Info: Redefining \ldots on input line 495.
LaTeX Info: Redefining \dots on input line 498.
LaTeX Info: Redefining \cdots on input line 619.
\Mathstrutbox@=\box54
\strutbox@=\box55
LaTeX Info: Redefining \big on input line 721.
LaTeX Info: Redefining \Big on input line 722.
LaTeX Info: Redefining \bigg on input line 723.
LaTeX Info: Redefining \Bigg on input line 724.
\big@size=\dimen175
LaTeX Font Info:    Redeclaring font encoding OML on input line 742.
LaTeX Font Info:    Redeclaring font encoding OMS on input line 743.
\macc@depth=\count295
LaTeX Info: Redefining \bmod on input line 904.
LaTeX Info: Redefining \pmod on input line 909.
LaTeX Info: Redefining \smash on input line 939.
LaTeX Info: Redefining \relbar on input line 969.
LaTeX Info: Redefining \Relbar on input line 970.
\c@MaxMatrixCols=\count296
\dotsspace@=\muskip17
\c@parentequation=\count297
\dspbrk@lvl=\count298
\tag@help=\toks21
\row@=\count299
\column@=\count300
\maxfields@=\count301
\andhelp@=\toks22
\eqnshift@=\dimen176
\alignsep@=\dimen177
\tagshift@=\dimen178
\tagwidth@=\dimen179
\totwidth@=\dimen180
\lineht@=\dimen181
\@envbody=\toks23
\multlinegap=\skip56
\multlinetaggap=\skip57
\mathdisplay@stack=\toks24
LaTeX Info: Redefining \[ on input line 2950.
LaTeX Info: Redefining \] on input line 2951.
) (C:\Users\Chitra\AppData\Local\Programs\MiKTeX\tex/latex/enumitem\enumitem.sty
Package: enumitem 2025/02/06 v3.11 Customized lists
\labelindent=\skip58
\enit@outerparindent=\dimen182
\enit@toks=\toks25
\enit@inbox=\box56
\enit@count@id=\count302
\enitdp@description=\count303
) (C:\Users\Chitra\AppData\Local\Programs\MiKTeX\tex/latex/datetime\datetime.sty
Package: datetime 2015/03/20 v2.60 Date Time Package
 (C:\Users\Chitra\AppData\Local\Programs\MiKTeX\tex/latex/etoolbox\etoolbox.sty
Package: etoolbox 2025/10/02 v2.5m e-TeX tools for LaTeX (JAW)
\etb@tempcnta=\count304
) (C:\Users\Chitra\AppData\Local\Programs\MiKTeX\tex/latex/fmtcount\fmtcount.sty
Package: fmtcount 2025/12/02 v3.12 Displaying the values of LaTeX counters (NT,VB,NE)
 (C:\Users\Chitra\AppData\Local\Programs\MiKTeX\tex/latex/base\ifthen.sty
Package: ifthen 2024/03/16 v1.1e Standard LaTeX ifthen package (DPC)
) (C:\Users\Chitra\AppData\Local\Programs\MiKTeX\tex/latex/xkeyval\xkeyval.sty
Package: xkeyval 2022/06/16 v2.9 package option processing (HA)
 (C:\Users\Chitra\AppData\Local\Programs\MiKTeX\tex/generic/xkeyval\xkeyval.tex (C:\Users\Chitra\AppData\Local\Programs\MiKTeX\tex/generic/xkeyval\xkvutils.tex
\XKV@toks=\toks26
\XKV@tempa@toks=\toks27
)
\XKV@depth=\count305
File: xkeyval.tex 2014/12/03 v2.7a key=value parser (HA)
)) (C:\Users\Chitra\AppData\Local\Programs\MiKTeX\tex/latex/fmtcount\fcprefix.sty
Package: fcprefix 2012/09/28
 (C:\Users\Chitra\AppData\Local\Programs\MiKTeX\tex/latex/fmtcount\fcnumparser.sty
Package: fcnumparser 2017/06/15
\fc@digit@counter=\count306
))
\c@padzeroesN=\count307
\fc@tmpcatcode=\count308
\@DT@modctr=\count309
\@ordinalctr=\count310
\@orgargctr=\count311
\@strctr=\count312
\@tmpstrctr=\count313
\@DT@loopN=\count314
\@DT@X=\count315
) (C:\Users\Chitra\AppData\Local\Programs\MiKTeX\tex/latex/datetime\datetime-defaults.sty
Package: datetime-defaults 2013/09/10
)
\@day=\count316
\@month=\count317
\@year=\count318
\c@HOUR=\count319
\c@HOURXII=\count320
\c@MINUTE=\count321
\c@TOHOUR=\count322
\c@TOMINUTE=\count323
\c@SECOND=\count324
\currenthour=\count325
\currentminute=\count326
\currentsecond=\count327
Package datetime Info: No datetime.cfg file found, using default settings on input line 308.
\@dtctr=\count328
\dayofyear=\count329
\dayofweek=\count330
LaTeX Info: Redefining \today on input line 736.
\dt@a=\toks28
\dt@b=\toks29
) (C:\Users\Chitra\AppData\Local\Programs\MiKTeX\tex/latex/booktabs\booktabs.sty
Package: booktabs 2020/01/12 v1.61803398 Publication quality tables
\heavyrulewidth=\dimen183
\lightrulewidth=\dimen184
\cmidrulewidth=\dimen185
\belowrulesep=\dimen186
\belowbottomsep=\dimen187
\aboverulesep=\dimen188
\abovetopsep=\dimen189
\cmidrulesep=\dimen190
\cmidrulekern=\dimen191
\defaultaddspace=\dimen192
\@cmidla=\count331
\@cmidlb=\count332
\@aboverulesep=\dimen193
\@belowrulesep=\dimen194
\@thisruleclass=\count333
\@lastruleclass=\count334
\@thisrulewidth=\dimen195
) (C:\Users\Chitra\AppData\Local\Programs\MiKTeX\tex/latex/float\float.sty
Package: float 2001/11/08 v1.3d Float enhancements (AL)
\c@float@type=\count335
\float@exts=\toks30
\float@box=\box57
\@float@everytoks=\toks31
\@floatcapt=\box58
) (C:\Users\Chitra\AppData\Local\Programs\MiKTeX\tex/latex/titling\titling.sty
Package: titling 2009/09/04 v2.1d maketitle typesetting
\thanksmarkwidth=\skip59
\thanksmargin=\skip60
\droptitle=\skip61
) (C:\Users\Chitra\AppData\Local\Programs\MiKTeX\tex/latex/tools\tabularx.sty
Package: tabularx 2023/12/11 v2.12a `tabularx' package (DPC)
 (C:\Users\Chitra\AppData\Local\Programs\MiKTeX\tex/latex/tools\array.sty
Package: array 2025/09/25 v2.6n Tabular extension package (FMi)
\col@sep=\dimen196
\ar@mcellbox=\box59
\extrarowheight=\dimen197
\NC@list=\toks32
\extratabsurround=\skip62
\backup@length=\skip63
\ar@cellbox=\box60
)
\TX@col@width=\dimen198
\TX@old@table=\dimen199
\TX@old@col=\dimen256
\TX@target=\dimen257
\TX@delta=\dimen258
\TX@cols=\count336
\TX@ftn=\toks33
) (C:\Users\Chitra\AppData\Local\Programs\MiKTeX\tex/latex/tools\longtable.sty
Package: longtable 2025-10-13 v4.24 Multi-page Table package (DPC)
\LTleft=\skip64
\LTright=\skip65
\LTpre=\skip66
\LTpost=\skip67
\LTchunksize=\count337
\LTcapwidth=\dimen259
\LT@head=\box61
\LT@firsthead=\box62
\LT@foot=\box63
\LT@lastfoot=\box64
\LT@gbox=\box65
\LT@cols=\count338
\LT@rows=\count339
\c@LT@tables=\count340
\c@LT@chunks=\count341
\LT@p@ftn=\toks34
) (C:\Users\Chitra\AppData\Local\Programs\MiKTeX\tex/latex/hyperref\hyperref.sty
Package: hyperref 2025-07-12 v7.01o Hypertext links for LaTeX
 (C:\Users\Chitra\AppData\Local\Programs\MiKTeX\tex/latex/kvsetkeys\kvsetkeys.sty
Package: kvsetkeys 2022-10-05 v1.19 Key value parser (HO)
) (C:\Users\Chitra\AppData\Local\Programs\MiKTeX\tex/generic/kvdefinekeys\kvdefinekeys.sty
Package: kvdefinekeys 2019-12-19 v1.6 Define keys (HO)
) (C:\Users\Chitra\AppData\Local\Programs\MiKTeX\tex/generic/pdfescape\pdfescape.sty
Package: pdfescape 2019/12/09 v1.15 Implements pdfTeX's escape features (HO)
 (C:\Users\Chitra\AppData\Local\Programs\MiKTeX\tex/generic/ltxcmds\ltxcmds.sty
Package: ltxcmds 2023-12-04 v1.26 LaTeX kernel commands for general use (HO)
) (C:\Users\Chitra\AppData\Local\Programs\MiKTeX\tex/generic/pdftexcmds\pdftexcmds.sty
Package: pdftexcmds 2020-06-27 v0.33 Utility functions of pdfTeX for LuaTeX (HO)
 (C:\Users\Chitra\AppData\Local\Programs\MiKTeX\tex/generic/infwarerr\infwarerr.sty
Package: infwarerr 2019/12/03 v1.5 Providing info/warning/error messages (HO)
)
Package pdftexcmds Info: \pdf@primitive is available.
Package pdftexcmds Info: \pdf@ifprimitive is available.
Package pdftexcmds Info: \pdfdraftmode found.
)) (C:\Users\Chitra\AppData\Local\Programs\MiKTeX\tex/latex/hycolor\hycolor.sty
Package: hycolor 2020-01-27 v1.10 Color options for hyperref/bookmark (HO)
) (C:\Users\Chitra\AppData\Local\Programs\MiKTeX\tex/latex/hyperref\nameref.sty
Package: nameref 2025-06-21 v2.57 Cross-referencing by name of section
 (C:\Users\Chitra\AppData\Local\Programs\MiKTeX\tex/latex/refcount\refcount.sty
Package: refcount 2019/12/15 v3.6 Data extraction from label references (HO)
) (C:\Users\Chitra\AppData\Local\Programs\MiKTeX\tex/generic/gettitlestring\gettitlestring.sty
Package: gettitlestring 2019/12/15 v1.6 Cleanup title references (HO)
 (C:\Users\Chitra\AppData\Local\Programs\MiKTeX\tex/latex/kvoptions\kvoptions.sty
Package: kvoptions 2022-06-15 v3.15 Key value format for package options (HO)
))
\c@section@level=\count342
) (C:\Users\Chitra\AppData\Local\Programs\MiKTeX\tex/generic/stringenc\stringenc.sty
Package: stringenc 2019/11/29 v1.12 Convert strings between diff. encodings (HO)
)
\@linkdim=\dimen260
\Hy@linkcounter=\count343
\Hy@pagecounter=\count344
 (C:\Users\Chitra\AppData\Local\Programs\MiKTeX\tex/latex/hyperref\pd1enc.def
File: pd1enc.def 2025-07-12 v7.01o Hyperref: PDFDocEncoding definition (HO)
Now handling font encoding PD1 ...
... no UTF-8 mapping file for font encoding PD1
) (C:\Users\Chitra\AppData\Local\Programs\MiKTeX\tex/generic/intcalc\intcalc.sty
Package: intcalc 2019/12/15 v1.3 Expandable calculations with integers (HO)
)
\Hy@SavedSpaceFactor=\count345
 (C:\Users\Chitra\AppData\Local\Programs\MiKTeX\tex/latex/hyperref\puenc.def
File: puenc.def 2025-07-12 v7.01o Hyperref: PDF Unicode definition (HO)
Now handling font encoding PU ...
... no UTF-8 mapping file for font encoding PU
)
Package hyperref Info: Hyper figures OFF on input line 4195.
Package hyperref Info: Link nesting OFF on input line 4200.
Package hyperref Info: Hyper index ON on input line 4203.
Package hyperref Info: Plain pages OFF on input line 4210.
Package hyperref Info: Backreferencing OFF on input line 4215.
Package hyperref Info: Implicit mode ON; LaTeX internals redefined.
Package hyperref Info: Bookmarks ON on input line 4462.
\c@Hy@tempcnt=\count346
 (C:\Users\Chitra\AppData\Local\Programs\MiKTeX\tex/latex/url\url.sty
\Urlmuskip=\muskip18
Package: url 2013/09/16  ver 3.4  Verb mode for urls, etc.
)
LaTeX Info: Redefining \url on input line 4801.
\XeTeXLinkMargin=\dimen261
 (C:\Users\Chitra\AppData\Local\Programs\MiKTeX\tex/generic/bitset\bitset.sty
Package: bitset 2019/12/09 v1.3 Handle bit-vector datatype (HO)
 (C:\Users\Chitra\AppData\Local\Programs\MiKTeX\tex/generic/bigintcalc\bigintcalc.sty
Package: bigintcalc 2019/12/15 v1.5 Expandable calculations on big integers (HO)
))
\Fld@menulength=\count347
\Field@Width=\dimen262
\Fld@charsize=\dimen263
Package hyperref Info: Hyper figures OFF on input line 6078.
Package hyperref Info: Link nesting OFF on input line 6083.
Package hyperref Info: Hyper index ON on input line 6086.
Package hyperref Info: backreferencing OFF on input line 6093.
Package hyperref Info: Link coloring OFF on input line 6098.
Package hyperref Info: Link coloring with OCG OFF on input line 6103.
Package hyperref Info: PDF/A mode OFF on input line 6108.
\Hy@abspage=\count348
\c@Item=\count349
\c@Hfootnote=\count350
)
Package hyperref Info: Driver (autodetected): hpdftex.
 (C:\Users\Chitra\AppData\Local\Programs\MiKTeX\tex/latex/hyperref\hpdftex.def
File: hpdftex.def 2025-07-12 v7.01o Hyperref driver for pdfTeX
\Fld@listcount=\count351
\c@bookmark@seq@number=\count352
 (C:\Users\Chitra\AppData\Local\Programs\MiKTeX\tex/latex/rerunfilecheck\rerunfilecheck.sty
Package: rerunfilecheck 2025-06-21 v1.11 Rerun checks for auxiliary files (HO)
 (C:\Users\Chitra\AppData\Local\Programs\MiKTeX\tex/generic/uniquecounter\uniquecounter.sty
Package: uniquecounter 2019/12/15 v1.4 Provide unlimited unique counter (HO)
)
Package uniquecounter Info: New unique counter `rerunfilecheck' on input line 284.
)
\Hy@SectionHShift=\skip68
) (C:\Users\Chitra\AppData\Local\Programs\MiKTeX\tex/latex/psnfss\mathptmx.sty
Package: mathptmx 2020/03/25 PSNFSS-v9.3 Times w/ Math, improved (SPQR, WaS) 
LaTeX Font Info:    Redeclaring symbol font `operators' on input line 28.
LaTeX Font Info:    Overwriting symbol font `operators' in version `normal'
(Font)                  OT1/cmr/m/n --> OT1/ztmcm/m/n on input line 28.
LaTeX Font Info:    Overwriting symbol font `operators' in version `bold'
(Font)                  OT1/cmr/bx/n --> OT1/ztmcm/m/n on input line 28.
LaTeX Font Info:    Redeclaring symbol font `letters' on input line 29.
LaTeX Font Info:    Overwriting symbol font `letters' in version `normal'
(Font)                  OML/cmm/m/it --> OML/ztmcm/m/it on input line 29.
LaTeX Font Info:    Overwriting symbol font `letters' in version `bold'
(Font)                  OML/cmm/b/it --> OML/ztmcm/m/it on input line 29.
LaTeX Font Info:    Redeclaring symbol font `symbols' on input line 30.
LaTeX Font Info:    Overwriting symbol font `symbols' in version `normal'
(Font)                  OMS/cmsy/m/n --> OMS/ztmcm/m/n on input line 30.
LaTeX Font Info:    Overwriting symbol font `symbols' in version `bold'
(Font)                  OMS/cmsy/b/n --> OMS/ztmcm/m/n on input line 30.
LaTeX Font Info:    Redeclaring symbol font `largesymbols' on input line 31.
LaTeX Font Info:    Overwriting symbol font `largesymbols' in version `normal'
(Font)                  OMX/cmex/m/n --> OMX/ztmcm/m/n on input line 31.
LaTeX Font Info:    Overwriting symbol font `largesymbols' in version `bold'
(Font)                  OMX/cmex/m/n --> OMX/ztmcm/m/n on input line 31.
\symbold=\mathgroup4
\symitalic=\mathgroup5
LaTeX Font Info:    Redeclaring math alphabet \mathbf on input line 34.
LaTeX Font Info:    Overwriting math alphabet `\mathbf' in version `normal'
(Font)                  OT1/cmr/bx/n --> OT1/ptm/bx/n on input line 34.
LaTeX Font Info:    Overwriting math alphabet `\mathbf' in version `bold'
(Font)                  OT1/cmr/bx/n --> OT1/ptm/bx/n on input line 34.
LaTeX Font Info:    Redeclaring math alphabet \mathit on input line 35.
LaTeX Font Info:    Overwriting math alphabet `\mathit' in version `normal'
(Font)                  OT1/cmr/m/it --> OT1/ptm/m/it on input line 35.
LaTeX Font Info:    Overwriting math alphabet `\mathit' in version `bold'
(Font)                  OT1/cmr/bx/it --> OT1/ptm/m/it on input line 35.
LaTeX Info: Redefining \hbar on input line 50.
) (C:\Users\Chitra\AppData\Local\Programs\MiKTeX\tex/latex/appendix\appendix.sty
Package: appendix 2020/02/08 v1.2c extra appendix facilities
\c@@pps=\count353
\c@@ppsavesec=\count354
\c@@ppsaveapp=\count355
)
LaTeX Font Info:    Trying to load font information for OT1+ptm on input line 136.
 (C:\Users\Chitra\AppData\Local\Programs\MiKTeX\tex/latex/psnfss\ot1ptm.fd
File: ot1ptm.fd 2001/06/04 font definitions for OT1/ptm.
) (C:\Users\Chitra\AppData\Local\Programs\MiKTeX\tex/latex/l3backend\l3backend-pdftex.def
File: l3backend-pdftex.def 2025-10-09 L3 backend support: PDF output (pdfTeX)
\l__color_backend_stack_int=\count356
) (main.aux (section/Declaration.aux) (section/Certificate_of_Approval.aux) (section/Copyright.aux) (section/acknowledgement.aux) (section/abstract.aux) (section/lists.aux) (section/introduction.aux) (section/literaturereview.aux) (section/requirement_analysis.aux) (section/methodology.aux) (section/Implementation_details.aux) (section/result_and_analysis.aux) (section/remaining_task.aux) (section/Conclusion.aux) (section/appendices.aux))
\openout1 = `main.aux'.

LaTeX Font Info:    Checking defaults for OML/cmm/m/it on input line 136.
LaTeX Font Info:    ... okay on input line 136.
LaTeX Font Info:    Checking defaults for OMS/cmsy/m/n on input line 136.
LaTeX Font Info:    ... okay on input line 136.
LaTeX Font Info:    Checking defaults for OT1/cmr/m/n on input line 136.
LaTeX Font Info:    ... okay on input line 136.
LaTeX Font Info:    Checking defaults for T1/cmr/m/n on input line 136.
LaTeX Font Info:    ... okay on input line 136.
LaTeX Font Info:    Checking defaults for TS1/cmr/m/n on input line 136.
LaTeX Font Info:    ... okay on input line 136.
LaTeX Font Info:    Checking defaults for OMX/cmex/m/n on input line 136.
LaTeX Font Info:    ... okay on input line 136.
LaTeX Font Info:    Checking defaults for U/cmr/m/n on input line 136.
LaTeX Font Info:    ... okay on input line 136.
LaTeX Font Info:    Checking defaults for PD1/pdf/m/n on input line 136.
LaTeX Font Info:    ... okay on input line 136.
LaTeX Font Info:    Checking defaults for PU/pdf/m/n on input line 136.
LaTeX Font Info:    ... okay on input line 136.

*geometry* driver: auto-detecting
*geometry* detected driver: pdftex
*geometry* verbose mode - [ preamble ] result:
* driver: pdftex
* paper: a4paper
* layout: <same size as paper>
* layoutoffset:(h,v)=(0.0pt,0.0pt)
* modes: 
* h-part:(L,W,R)=(108.405pt, 416.83289pt, 72.26999pt)
* v-part:(T,H,B)=(72.26999pt, 700.50687pt, 72.26999pt)
* \paperwidth=597.50787pt
* \paperheight=845.04684pt
* \textwidth=416.83289pt
* \textheight=700.50687pt
* \oddsidemargin=36.13501pt
* \evensidemargin=36.13501pt
* \topmargin=-37.0pt
* \headheight=12.0pt
* \headsep=25.0pt
* \topskip=12.0pt
* \footskip=30.0pt
* \marginparwidth=35.0pt
* \marginparsep=10.0pt
* \columnsep=10.0pt
* \skip\footins=10.8pt plus 4.0pt minus 2.0pt
* \hoffset=0.0pt
* \voffset=0.0pt
* \mag=1000
* \@twocolumnfalse
* \@twosidefalse
* \@mparswitchfalse
* \@reversemarginfalse
* (1in=72.27pt=25.4mm, 1cm=28.453pt)

(C:\Users\Chitra\AppData\Local\Programs\MiKTeX\tex/context/base/mkii\supp-pdf.mkii
[Loading MPS to PDF converter (version 2006.09.02).]
\scratchcounter=\count357
\scratchdimen=\dimen264
\scratchbox=\box66
\nofMPsegments=\count358
\nofMParguments=\count359
\everyMPshowfont=\toks35
\MPscratchCnt=\count360
\MPscratchDim=\dimen265
\MPnumerator=\count361
\makeMPintoPDFobject=\count362
\everyMPtoPDFconversion=\toks36
) (C:\Users\Chitra\AppData\Local\Programs\MiKTeX\tex/latex/epstopdf-pkg\epstopdf-base.sty
Package: epstopdf-base 2020-01-24 v2.11 Base part for package epstopdf
 (C:\Users\Chitra\AppData\Local\Programs\MiKTeX\tex/latex/grfext\grfext.sty
Package: grfext 2019/12/03 v1.3 Manage graphics extensions (HO)
)
Package epstopdf-base Info: Redefining graphics rule for `.eps' on input line 485.
Package grfext Info: Graphics extension search list:
(grfext)             [.pdf,.png,.jpg,.mps,.jpeg,.jbig2,.jb2,.PDF,.PNG,.JPG,.JPEG,.JBIG2,.JB2,.eps]
(grfext)             \AppendGraphicsExtensions on input line 504.
 (C:\Users\Chitra\AppData\Local\Programs\MiKTeX\tex/latex/00miktex\epstopdf-sys.cfg
File: epstopdf-sys.cfg 2021/03/18 v2.0 Configuration of epstopdf for MiKTeX
))
Package caption Info: Begin \AtBeginDocument code.
Package caption Info: float package is loaded.
Package caption Info: hyperref package is loaded.
Package caption Info: longtable package is loaded.
 (C:\Users\Chitra\AppData\Local\Programs\MiKTeX\tex/latex/caption\ltcaption.sty
Package: ltcaption 2021/01/08 v1.4c longtable captions (AR)
)
Package caption Info: End \AtBeginDocument code.
 (C:\Users\Chitra\AppData\Local\Programs\MiKTeX\tex/latex/fmtcount\fc-english.def
File: fc-english.def 2016/01/12
)
Package hyperref Info: Link coloring OFF on input line 136.
 (main.out) (main.out)
\@outlinefile=\write3
\openout3 = `main.out'.

 (section/cover.tex
<./Graphics/tu_logo.png, id=279, 636.6987pt x 752.0898pt>
File: ./Graphics/tu_logo.png Graphic file (type png)
<use ./Graphics/tu_logo.png>
Package pdftex.def Info: ./Graphics/tu_logo.png  used on input line 5.
(pdftex.def)             Requested size: 108.4025pt x 108.40182pt.
 [1

{C:/Users/Chitra/AppData/Local/MiKTeX/fonts/map/pdftex/pdftex.map}{C:/Users/Chitra/AppData/Local/Programs/MiKTeX/fonts/enc/dvips/base/8r.enc} <./Graphics/tu_logo.png>]) (section/title.tex
File: ./Graphics/tu_logo.png Graphic file (type png)
<use ./Graphics/tu_logo.png>
Package pdftex.def Info: ./Graphics/tu_logo.png  used on input line 5.
(pdftex.def)             Requested size: 108.4025pt x 108.40182pt.
 [1])
\openout2 = `section/Declaration.aux'.

 (section/Declaration.tex
pdfTeX warning (ext4): destination with the same identifier (name{page.i}) has been already used, duplicate ignored
<to be read again> 
                   \relax 
l.33 \clearpage
                [1


])
\openout2 = `section/Certificate_of_Approval.aux'.

 (section/Certificate_of_Approval.tex [2





])
\openout2 = `section/Copyright.aux'.

 (section/Copyright.tex [3





])
\openout2 = `section/acknowledgement.aux'.

 (section/acknowledgement.tex [4






])
\openout2 = `section/abstract.aux'.

 (section/abstract.tex [5






])
\openout2 = `section/lists.aux'.

 (section/lists.tex (main.toc
LaTeX Font Info:    Trying to load font information for OT1+ztmcm on input line 10.
 (C:\Users\Chitra\AppData\Local\Programs\MiKTeX\tex/latex/psnfss\ot1ztmcm.fd
File: ot1ztmcm.fd 2000/01/03 Fontinst v1.801 font definitions for OT1/ztmcm.
)
LaTeX Font Info:    Trying to load font information for OML+ztmcm on input line 10.
 (C:\Users\Chitra\AppData\Local\Programs\MiKTeX\tex/latex/psnfss\omlztmcm.fd
File: omlztmcm.fd 2000/01/03 Fontinst v1.801 font definitions for OML/ztmcm.
)
LaTeX Font Info:    Trying to load font information for OMS+ztmcm on input line 10.
 (C:\Users\Chitra\AppData\Local\Programs\MiKTeX\tex/latex/psnfss\omsztmcm.fd
File: omsztmcm.fd 2000/01/03 Fontinst v1.801 font definitions for OMS/ztmcm.
)
LaTeX Font Info:    Trying to load font information for OMX+ztmcm on input line 10.
 (C:\Users\Chitra\AppData\Local\Programs\MiKTeX\tex/latex/psnfss\omxztmcm.fd
File: omxztmcm.fd 2000/01/03 Fontinst v1.801 font definitions for OMX/ztmcm.
)
LaTeX Font Info:    Font shape `OT1/ptm/bx/n' in size <12> not available
(Font)              Font shape `OT1/ptm/b/n' tried instead on input line 10.
LaTeX Font Info:    Font shape `OT1/ptm/bx/n' in size <9> not available
(Font)              Font shape `OT1/ptm/b/n' tried instead on input line 10.
LaTeX Font Info:    Font shape `OT1/ptm/bx/n' in size <7> not available
(Font)              Font shape `OT1/ptm/b/n' tried instead on input line 10.
 [6





])
\tf@toc=\write4
\openout4 = `main.toc'.

 [7] (main.lof)
\tf@lof=\write5
\openout5 = `main.lof'.

 [8


] (main.lot)
\tf@lot=\write6
\openout6 = `main.lot'.

 [9


] [10


])
\openout2 = `section/introduction.aux'.

 (section/introduction.tex
Chapter 1.

Overfull \hbox (0.79987pt too wide) in paragraph at lines 17--25
[]\OT1/ptm/m/n/12 Low-power wide-area net-works such as LoRa sup-port long-range, energy-efficient wire-
 []


pdfTeX warning (ext4): destination with the same identifier (name{page.1}) has been already used, duplicate ignored
<to be read again> 
                   \relax 
l.41 
      [1





] [2]
LaTeX Font Info:    Trying to load font information for TS1+ptm on input line 93.
 (C:\Users\Chitra\AppData\Local\Programs\MiKTeX\tex/latex/psnfss\ts1ptm.fd
File: ts1ptm.fd 2001/06/04 font definitions for TS1/ptm.
) [3] [4] [5] [6])
\openout2 = `section/literaturereview.aux'.

 (section/literaturereview.tex
Chapter 2.
[7





] [8] [9] [10])
\openout2 = `section/requirement_analysis.aux'.

 (section/requirement_analysis.tex
Chapter 3.

Overfull \hbox (2.82721pt too wide) in paragraph at lines 6--7
\OT1/ptm/m/n/12 The hard-ware com-po-nents must sup-port real-time en-vi-ron-men-tal mon-i-tor-ing, lo-cal edge-
 []

[11





] [12] [13] [14])
\openout2 = `section/methodology.aux'.

 (section/methodology.tex
Chapter 4.
(section/3_1_system_overview.tex
<./Graphics/system_architecture.png, id=550, 2285.53876pt x 1315.91624pt>
File: ./Graphics/system_architecture.png Graphic file (type png)
<use ./Graphics/system_architecture.png>
Package pdftex.def Info: ./Graphics/system_architecture.png  used on input line 16.
(pdftex.def)             Requested size: 416.83289pt x 239.98706pt.
) (section/3_3_ldse_protocol.tex [15





 <./Graphics/system_architecture.png>] [16]
Overfull \hbox (2.20363pt too wide) in paragraph at lines 94--103
\OT1/ptm/m/n/12 Although con-ven-tional Lo-RaWAN pro-vides ex-cel-lent com-mu-ni-ca-tion range un-der open-
 []

[17]

pdfTeX warning: pdflatex (file ./Graphics/ldse_protocol_network_hierarchy.pdf): PDF inclusion: found PDF version <1.7>, but at most version <1.5> allowed
<./Graphics/ldse_protocol_network_hierarchy.pdf, id=568, 253.90858pt x 233.9139pt>
File: ./Graphics/ldse_protocol_network_hierarchy.pdf Graphic file (type pdf)
<use ./Graphics/ldse_protocol_network_hierarchy.pdf>
Package pdftex.def Info: ./Graphics/ldse_protocol_network_hierarchy.pdf  used on input line 136.
(pdftex.def)             Requested size: 195.91196pt x 180.48544pt.
[18]
<./Graphics/ldse_protocol_epoch_structure.png, id=574, 361.35pt x 120.14888pt>
File: ./Graphics/ldse_protocol_epoch_structure.png Graphic file (type png)
<use ./Graphics/ldse_protocol_epoch_structure.png>
Package pdftex.def Info: ./Graphics/ldse_protocol_epoch_structure.png  used on input line 175.
(pdftex.def)             Requested size: 416.83289pt x 138.59729pt.
 [19 <./Graphics/ldse_protocol_network_hierarchy.pdf>] [20 <./Graphics/ldse_protocol_epoch_structure.png>] [21]

pdfTeX warning: pdflatex (file ./Graphics/sequential_sync_operational_flowchart.pdf): PDF inclusion: found PDF version <1.7>, but at most version <1.5> allowed
<./Graphics/sequential_sync_operational_flowchart.pdf, id=605, 558.16531pt x 587.3142pt>
File: ./Graphics/sequential_sync_operational_flowchart.pdf Graphic file (type pdf)
<use ./Graphics/sequential_sync_operational_flowchart.pdf>
Package pdftex.def Info: ./Graphics/sequential_sync_operational_flowchart.pdf  used on input line 281.
(pdftex.def)             Requested size: 354.31049pt x 372.81491pt.
[22 <./Graphics/sequential_sync_operational_flowchart.pdf>]) (section/3_4_edge_ai.tex [23] [24] [25]

pdfTeX warning: pdflatex (file ./Graphics/audiopipeline.pdf): PDF inclusion: found PDF version <1.7>, but at most version <1.5> allowed
<./Graphics/audiopipeline.pdf, id=643, 597.19106pt x 845.07718pt>
File: ./Graphics/audiopipeline.pdf Graphic file (type pdf)
<use ./Graphics/audiopipeline.pdf>
Package pdftex.def Info: ./Graphics/audiopipeline.pdf  used on input line 118.
(pdftex.def)             Requested size: 458.51724pt x 648.84169pt.
[26] [27 <./Graphics/audiopipeline.pdf>]
Overfull \hbox (0.50552pt too wide) in paragraph at lines 131--133
[]\OT1/ptm/m/n/12 Fire con-di-tions = tem-per-a-ture spikes, CO$[]$ in-creases dra-mat-i-cally, hu-mid-ity drops. 
 []

) (section/3_5_system_dataflow.tex
<./Graphics/system_dataflow.png, id=669, 280.1667pt x 298.2342pt>
File: ./Graphics/system_dataflow.png Graphic file (type png)
<use ./Graphics/system_dataflow.png>
Package pdftex.def Info: ./Graphics/system_dataflow.png  used on input line 9.
(pdftex.def)             Requested size: 291.78174pt x 310.60677pt.
 [28] [29 <./Graphics/system_dataflow.png>]) [30])
\openout2 = `section/Implementation_details.aux'.

 (section/Implementation_details.tex
Chapter 5.
<./Graphics/example_spectrograms.png, id=691, 1156.32pt x 578.16pt>
File: ./Graphics/example_spectrograms.png Graphic file (type png)
<use ./Graphics/example_spectrograms.png>
Package pdftex.def Info: ./Graphics/example_spectrograms.png  used on input line 36.
(pdftex.def)             Requested size: 354.31049pt x 177.15457pt.
[31





]
Overfull \hbox (2.09508pt too wide) in paragraph at lines 50--53
\OT1/ptm/m/n/12 Each trained model was quan-tized to 8-bit in-te-gers us-ing Ten-sor-Flow Lite's post-training
 []

[32 <./Graphics/example_spectrograms.png>] [33]
<./Graphics/lora_simulation.png, id=710, 398.6895pt x 246.9225pt>
File: ./Graphics/lora_simulation.png Graphic file (type png)
<use ./Graphics/lora_simulation.png>
Package pdftex.def Info: ./Graphics/lora_simulation.png  used on input line 152.
(pdftex.def)             Requested size: 312.62466pt x 193.61981pt.
 [34] [35 <./Graphics/lora_simulation.png>]
<./Graphics/two_node_lora.png, id=731, 617.30624pt x 272.217pt>
File: ./Graphics/two_node_lora.png Graphic file (type png)
<use ./Graphics/two_node_lora.png>
Package pdftex.def Info: ./Graphics/two_node_lora.png  used on input line 194.
(pdftex.def)             Requested size: 312.62466pt x 137.86101pt.
) [36 <./Graphics/two_node_lora.png>]
\openout2 = `section/result_and_analysis.aux'.

 (section/result_and_analysis.tex
Chapter 6.
[37




] [38] [39]
<./Graphics/tinyml_precision_recall_f1.png, id=754, 570.933pt x 349.0641pt>
File: ./Graphics/tinyml_precision_recall_f1.png Graphic file (type png)
<use ./Graphics/tinyml_precision_recall_f1.png>
Package pdftex.def Info: ./Graphics/tinyml_precision_recall_f1.png  used on input line 159.
(pdftex.def)             Requested size: 354.31049pt x 216.63055pt.
 [40 <./Graphics/tinyml_precision_recall_f1.png>]
<./Graphics/tinyml_confusion_matrix.png, id=761, 453.49425pt x 390.258pt>
File: ./Graphics/tinyml_confusion_matrix.png Graphic file (type png)
<use ./Graphics/tinyml_confusion_matrix.png>
Package pdftex.def Info: ./Graphics/tinyml_confusion_matrix.png  used on input line 175.
(pdftex.def)             Requested size: 300.12018pt x 258.2797pt.
) [41 <./Graphics/tinyml_confusion_matrix.png>]
\openout2 = `section/remaining_task.aux'.

 (section/remaining_task.tex
Chapter 7.

Overfull \hbox (0.24641pt too wide) in paragraph at lines 39--44
\OT1/ptm/m/n/12 into a Log-Mel spec-tro-gram (us-ing win-dow-ing, FFT, and a Mel-filterbank) match-
 []

[42




] [43] [44]) [45]
\openout2 = `section/Conclusion.aux'.

 (section/Conclusion.tex
Chapter 8.
) [46




]
\openout2 = `section/appendices.aux'.

 (section/appendices.tex
Chapter 9.

Package hyperref Warning: The anchor of a bookmark and its parent's must not
(hyperref)                be the same. Added a new anchor on input line 9.

(section/6_project_schedule.tex
<./Graphics/gantt_chart.png, id=795, 542.463pt x 330.69pt>
File: ./Graphics/gantt_chart.png Graphic file (type png)
<use ./Graphics/gantt_chart.png>
Package pdftex.def Info: ./Graphics/gantt_chart.png  used on input line 10.
(pdftex.def)             Requested size: 416.83289pt x 254.11235pt.
 [47




 <./Graphics/gantt_chart.png>]) (section/7_project_budget.tex [48

])
<./Graphics/sensor_nodes.png, id=807, 364.9635pt x 275.8305pt>
File: ./Graphics/sensor_nodes.png Graphic file (type png)
<use ./Graphics/sensor_nodes.png>
Package pdftex.def Info: ./Graphics/sensor_nodes.png  used on input line 38.
(pdftex.def)             Requested size: 312.62466pt x 236.28786pt.
) [49

 <./Graphics/sensor_nodes.png>] (main.bbl [50



]) [51] (main.aux (section/Declaration.aux) (section/Certificate_of_Approval.aux) (section/Copyright.aux) (section/acknowledgement.aux) (section/abstract.aux) (section/lists.aux) (section/introduction.aux) (section/literaturereview.aux) (section/requirement_analysis.aux) (section/methodology.aux) (section/Implementation_details.aux) (section/result_and_analysis.aux) (section/remaining_task.aux) (section/Conclusion.aux) (section/appendices.aux))
 ***********
LaTeX2e <2025-11-01>
L3 programming layer <2025-12-24>
 ***********
Package rerunfilecheck Info: File `main.out' has not changed.
(rerunfilecheck)             Checksum: B9DCC4C53BAE05DA8CF443FEFDEED9FF;12272.
 ) 
Here is how much of TeX's memory you used:
 14778 strings out of 467871
 250112 string characters out of 5417893
 671854 words of memory out of 5000000
 43109 multiletter control sequences out of 15000+600000
 650815 words of font info for 86 fonts, out of 8000000 for 9000
 1141 hyphenation exceptions out of 8191
 75i,10n,79p,1684b,593s stack positions out of 10000i,1000n,20000p,200000b,200000s
<C:/Users/Chitra/AppData/Local/Programs/MiKTeX/fonts/type1/public/amsfonts/cm/cmex10.pfb><C:/Users/Chitra/AppData/Local/Programs/MiKTeX/fonts/type1/public/amsfonts/cm/cmmi10.pfb><C:/Users/Chitra/AppData/Local/Programs/MiKTeX/fonts/type1/public/amsfonts/cm/cmr10.pfb><C:/Users/Chitra/AppData/Local/Programs/MiKTeX/fonts/type1/public/amsfonts/cm/cmsy10.pfb><C:/Users/Chitra/AppData/Local/Programs/MiKTeX/fonts/type1/public/amsfonts/cm/cmtt12.pfb><C:/Users/Chitra/AppData/Local/Programs/MiKTeX/fonts/type1/urw/symbol/usyr.pfb><C:/Users/Chitra/AppData/Local/Programs/MiKTeX/fonts/type1/urw/symbol/usyr.pfb><C:/Users/Chitra/AppData/Local/Programs/MiKTeX/fonts/type1/urw/times/utmb8a.pfb><C:/Users/Chitra/AppData/Local/Programs/MiKTeX/fonts/type1/urw/times/utmr8a.pfb><C:/Users/Chitra/AppData/Local/Programs/MiKTeX/fonts/type1/urw/times/utmri8a.pfb>
Output written on main.pdf (63 pages, 2886836 bytes).
PDF statistics:
 908 PDF objects out of 1000 (max. 8388607)
 190 named destinations out of 1000 (max. 500000)
 623 words of extra memory for PDF output out of 10000 (max. 10000000)

