\BOOKMARK [0][-]{chapter*.1}{\376\377\000D\000E\000C\000L\000A\000R\000A\000T\000I\000O\000N}{}% 1
\BOOKMARK [0][-]{chapter*.2}{\376\377\000C\000E\000R\000T\000I\000F\000I\000C\000A\000T\000E\000\040\000O\000F\000\040\000A\000P\000P\000R\000O\000V\000A\000L}{}% 2
\BOOKMARK [0][-]{chapter*.3}{\376\377\000C\000O\000P\000Y\000R\000I\000G\000H\000T}{}% 3
\BOOKMARK [0][-]{chapter*.4}{\376\377\000A\000C\000K\000N\000O\000W\000L\000E\000D\000G\000E\000M\000E\000N\000T}{}% 4
\BOOKMARK [0][-]{chapter*.5}{\376\377\000A\000B\000S\000T\000R\000A\000C\000T}{}% 5
\BOOKMARK [0][-]{chapter*.6}{\376\377\000L\000i\000s\000t\000\040\000o\000f\000\040\000F\000i\000g\000u\000r\000e\000s}{}% 6
\BOOKMARK [0][-]{chapter*.7}{\376\377\000L\000i\000s\000t\000\040\000o\000f\000\040\000T\000a\000b\000l\000e\000s}{}% 7
\BOOKMARK [0][-]{chapter*.9}{\376\377\000L\000i\000s\000t\000\040\000o\000f\000\040\000A\000b\000b\000r\000e\000v\000i\000a\000t\000i\000o\000n\000s}{}% 8
\BOOKMARK [0][-]{chapter.1}{\376\377\000I\000N\000T\000R\000O\000D\000U\000C\000T\000I\000O\000N}{}% 9
\BOOKMARK [1][-]{section.1.1}{\376\377\000B\000a\000c\000k\000g\000r\000o\000u\000n\000d}{chapter.1}% 10
\BOOKMARK [1][-]{section.1.2}{\376\377\000M\000o\000t\000i\000v\000a\000t\000i\000o\000n}{chapter.1}% 11
\BOOKMARK [1][-]{section.1.3}{\376\377\000P\000r\000o\000b\000l\000e\000m\000\040\000D\000e\000f\000i\000n\000i\000t\000i\000o\000n}{chapter.1}% 12
\BOOKMARK [1][-]{section.1.4}{\376\377\000O\000b\000j\000e\000c\000t\000i\000v\000e\000s}{chapter.1}% 13
\BOOKMARK [1][-]{section.1.5}{\376\377\000R\000e\000p\000o\000r\000t\000\040\000O\000r\000g\000a\000n\000i\000z\000a\000t\000i\000o\000n}{chapter.1}% 14
\BOOKMARK [1][-]{section.1.6}{\376\377\000S\000c\000o\000p\000e\000\040\000a\000n\000d\000\040\000A\000p\000p\000l\000i\000c\000a\000t\000i\000o\000n\000s}{chapter.1}% 15
\BOOKMARK [2][-]{subsection.1.6.1}{\376\377\000S\000c\000o\000p\000e}{section.1.6}% 16
\BOOKMARK [2][-]{subsection.1.6.2}{\376\377\000A\000p\000p\000l\000i\000c\000a\000t\000i\000o\000n\000s}{section.1.6}% 17
\BOOKMARK [0][-]{chapter.2}{\376\377\000L\000I\000T\000E\000R\000A\000T\000U\000R\000E\000\040\000R\000E\000V\000I\000E\000W}{}% 18
\BOOKMARK [0][-]{chapter.3}{\376\377\000R\000E\000Q\000U\000I\000R\000E\000M\000E\000N\000T\000\040\000A\000N\000A\000L\000Y\000S\000I\000S}{}% 19
\BOOKMARK [1][-]{section.3.1}{\376\377\000H\000a\000r\000d\000w\000a\000r\000e\000\040\000R\000e\000q\000u\000i\000r\000e\000m\000e\000n\000t\000s}{chapter.3}% 20
\BOOKMARK [1][-]{section.3.2}{\376\377\000S\000o\000f\000t\000w\000a\000r\000e\000\040\000R\000e\000q\000u\000i\000r\000e\000m\000e\000n\000t\000s}{chapter.3}% 21
\BOOKMARK [1][-]{section.3.3}{\376\377\000F\000e\000a\000s\000i\000b\000i\000l\000i\000t\000y\000\040\000S\000t\000u\000d\000y}{chapter.3}% 22
\BOOKMARK [2][-]{subsection.3.3.1}{\376\377\000T\000e\000c\000h\000n\000i\000c\000a\000l\000\040\000F\000e\000a\000s\000i\000b\000i\000l\000i\000t\000y\000:}{section.3.3}% 23
\BOOKMARK [2][-]{subsection.3.3.2}{\376\377\000E\000c\000o\000n\000o\000m\000i\000c\000\040\000F\000e\000a\000s\000i\000b\000i\000l\000i\000t\000y\000:}{section.3.3}% 24
\BOOKMARK [2][-]{subsection.3.3.3}{\376\377\000O\000p\000e\000r\000a\000t\000i\000o\000n\000a\000l\000\040\000F\000e\000a\000s\000i\000b\000i\000l\000i\000t\000y\000:}{section.3.3}% 25
\BOOKMARK [2][-]{subsection.3.3.4}{\376\377\000T\000i\000m\000e\000\040\000F\000e\000a\000s\000i\000b\000i\000l\000i\000t\000y\000:}{section.3.3}% 26
\BOOKMARK [0][-]{chapter.4}{\376\377\000S\000Y\000S\000T\000E\000M\000\040\000A\000R\000C\000H\000I\000T\000E\000C\000T\000U\000R\000E\000\040\000A\000N\000D\000\040\000M\000E\000T\000H\000O\000D\000O\000L\000O\000G\000Y}{}% 27
\BOOKMARK [1][-]{section.4.1}{\376\377\000S\000y\000s\000t\000e\000m\000\040\000O\000v\000e\000r\000v\000i\000e\000w\000\040\000a\000n\000d\000\040\000A\000r\000c\000h\000i\000t\000e\000c\000t\000u\000r\000e}{chapter.4}% 28
\BOOKMARK [1][-]{section.4.2}{\376\377\000C\000o\000m\000m\000u\000n\000i\000c\000a\000t\000i\000o\000n\000\040\000S\000y\000s\000t\000e\000m\000\040\000D\000e\000s\000i\000g\000n}{chapter.4}% 29
\BOOKMARK [2][-]{subsection.4.2.1}{\376\377\000L\000o\000R\000a\000\040\000C\000o\000m\000m\000u\000n\000i\000c\000a\000t\000i\000o\000n\000\040\000F\000u\000n\000d\000a\000m\000e\000n\000t\000a\000l\000s}{section.4.2}% 30
\BOOKMARK [2][-]{subsection.4.2.2}{\376\377\000L\000o\000R\000a\000\040\000C\000o\000m\000m\000u\000n\000i\000c\000a\000t\000i\000o\000n\000\040\000P\000a\000r\000a\000m\000e\000t\000e\000r\000s}{section.4.2}% 31
\BOOKMARK [2][-]{subsection.4.2.3}{\376\377\000C\000o\000n\000v\000e\000n\000t\000i\000o\000n\000a\000l\000\040\000L\000o\000R\000a\000W\000A\000N\000\040\000A\000r\000c\000h\000i\000t\000e\000c\000t\000u\000r\000e}{section.4.2}% 32
\BOOKMARK [2][-]{subsection.4.2.4}{\376\377\000L\000i\000m\000i\000t\000a\000t\000i\000o\000n\000s\000\040\000o\000f\000\040\000C\000o\000n\000v\000e\000n\000t\000i\000o\000n\000a\000l\000\040\000L\000o\000R\000a\000W\000A\000N}{section.4.2}% 33
\BOOKMARK [2][-]{subsection.4.2.5}{\376\377\000L\000D\000S\000E\000\040\000P\000r\000o\000t\000o\000c\000o\000l\000\040\000O\000v\000e\000r\000v\000i\000e\000w}{section.4.2}% 34
\BOOKMARK [2][-]{subsection.4.2.6}{\376\377\000A\000r\000c\000h\000i\000t\000e\000c\000t\000u\000r\000e\000\040\000o\000f\000\040\000L\000D\000S\000E}{section.4.2}% 35
\BOOKMARK [2][-]{subsection.4.2.7}{\376\377\000T\000i\000m\000e\000\040\000S\000y\000n\000c\000h\000r\000o\000n\000i\000z\000a\000t\000i\000o\000n\000\040\000a\000n\000d\000\040\000E\000p\000o\000c\000h\000\040\000S\000t\000r\000u\000c\000t\000u\000r\000e}{section.4.2}% 36
\BOOKMARK [2][-]{subsection.4.2.8}{\376\377\000P\000a\000r\000e\000n\000t\000\040\000S\000e\000l\000e\000c\000t\000i\000o\000n\000\040\000a\000n\000d\000\040\000R\000o\000u\000t\000i\000n\000g\000\040\000M\000e\000c\000h\000a\000n\000i\000s\000m}{section.4.2}% 37
\BOOKMARK [2][-]{subsection.4.2.9}{\376\377\000M\000u\000l\000t\000i\000-\000C\000h\000a\000n\000n\000e\000l\000\040\000C\000o\000m\000m\000u\000n\000i\000c\000a\000t\000i\000o\000n}{section.4.2}% 38
\BOOKMARK [2][-]{subsection.4.2.10}{\376\377\000P\000o\000w\000e\000r\000\040\000C\000o\000n\000s\000u\000m\000p\000t\000i\000o\000n\000\040\000M\000o\000d\000e\000l}{section.4.2}% 39
\BOOKMARK [2][-]{subsection.4.2.11}{\376\377\000F\000o\000r\000e\000s\000t\000\040\000R\000a\000d\000i\000o\000\040\000P\000r\000o\000p\000a\000g\000a\000t\000i\000o\000n\000\040\000C\000o\000n\000s\000i\000d\000e\000r\000a\000t\000i\000o\000n\000s}{section.4.2}% 40
\BOOKMARK [2][-]{subsection.4.2.12}{\376\377\000P\000r\000o\000t\000o\000c\000o\000l\000-\000C\000e\000n\000t\000r\000i\000c\000\040\000I\000m\000p\000l\000e\000m\000e\000n\000t\000a\000t\000i\000o\000n}{section.4.2}% 41
\BOOKMARK [2][-]{subsection.4.2.13}{\376\377\000O\000p\000e\000r\000a\000t\000i\000o\000n\000a\000l\000\040\000C\000h\000a\000l\000l\000e\000n\000g\000e\000s\000\040\000a\000n\000d\000\040\000M\000i\000t\000i\000g\000a\000t\000i\000o\000n\000\040\000S\000t\000r\000a\000t\000e\000g\000i\000e\000s}{section.4.2}% 42
\BOOKMARK [2][-]{subsection.4.2.14}{\376\377\000A\000c\000o\000u\000s\000t\000i\000c\000\040\000D\000a\000t\000a\000s\000e\000t\000:\000\040\000F\000S\000C\0002\0002}{section.4.2}% 43
\BOOKMARK [2][-]{subsection.4.2.15}{\376\377\000A\000c\000o\000u\000s\000t\000i\000c\000\040\000F\000e\000a\000t\000u\000r\000e\000\040\000E\000x\000t\000r\000a\000c\000t\000i\000o\000n}{section.4.2}% 44
\BOOKMARK [2][-]{subsection.4.2.16}{\376\377\000M\000e\000m\000o\000r\000y\000-\000C\000o\000n\000s\000t\000r\000a\000i\000n\000e\000d\000\040\000M\000o\000d\000e\000l\000\040\000A\000r\000c\000h\000i\000t\000e\000c\000t\000u\000r\000e\000\040\000D\000e\000s\000i\000g\000n}{section.4.2}% 45
\BOOKMARK [2][-]{subsection.4.2.17}{\376\377\000Q\000u\000a\000n\000t\000i\000z\000a\000t\000i\000o\000n\000\040\000S\000t\000r\000a\000t\000e\000g\000y}{section.4.2}% 46
\BOOKMARK [2][-]{subsection.4.2.18}{\376\377\000O\000n\000-\000D\000e\000v\000i\000c\000e\000\040\000D\000e\000p\000l\000o\000y\000m\000e\000n\000t\000\040\000P\000i\000p\000e\000l\000i\000n\000e}{section.4.2}% 47
\BOOKMARK [2][-]{subsection.4.2.19}{\376\377\000F\000i\000r\000e\000\040\000R\000i\000s\000k\000\040\000S\000c\000o\000r\000i\000n\000g}{section.4.2}% 48
\BOOKMARK [1][-]{section.4.3}{\376\377\000S\000y\000s\000t\000e\000m\000\040\000D\000a\000t\000a\000\040\000F\000l\000o\000w}{chapter.4}% 49
\BOOKMARK [1][-]{section.4.4}{\376\377\000O\000v\000e\000r\000a\000l\000l\000\040\000W\000o\000r\000k\000i\000n\000g\000\040\000P\000r\000i\000n\000c\000i\000p\000l\000e}{chapter.4}% 50
\BOOKMARK [0][-]{chapter.5}{\376\377\000I\000M\000P\000L\000E\000M\000E\000N\000T\000A\000T\000I\000O\000N\000\040\000D\000E\000T\000A\000I\000L\000S}{}% 51
\BOOKMARK [1][-]{section.5.1}{\376\377\000A\000c\000o\000u\000s\000t\000i\000c\000\040\000T\000h\000r\000e\000a\000t\000\040\000D\000e\000t\000e\000c\000t\000i\000o\000n\000\040\000I\000m\000p\000l\000e\000m\000e\000n\000t\000a\000t\000i\000o\000n}{chapter.5}% 52
\BOOKMARK [2][-]{subsection.5.1.1}{\376\377\000T\000r\000a\000i\000n\000i\000n\000g\000\040\000P\000i\000p\000e\000l\000i\000n\000e}{section.5.1}% 53
\BOOKMARK [2][-]{subsection.5.1.2}{\376\377\000I\000N\000T\0008\000\040\000Q\000u\000a\000n\000t\000i\000z\000a\000t\000i\000o\000n}{section.5.1}% 54
\BOOKMARK [1][-]{section.5.2}{\376\377\000L\000o\000R\000a\000\040\000N\000e\000t\000w\000o\000r\000k\000\040\000S\000i\000m\000u\000l\000a\000t\000i\000o\000n\000\040\000I\000m\000p\000l\000e\000m\000e\000n\000t\000a\000t\000i\000o\000n}{chapter.5}% 55
\BOOKMARK [2][-]{subsection.5.2.1}{\376\377\000B\000a\000s\000i\000c\000\040\000L\000o\000R\000a\000\040\000N\000o\000d\000e\000\040\000C\000o\000m\000m\000u\000n\000i\000c\000a\000t\000i\000o\000n\000\040\000I\000m\000p\000l\000e\000m\000e\000n\000t\000a\000t\000i\000o\000n}{section.5.2}% 56
\BOOKMARK [0][-]{chapter.6}{\376\377\000R\000E\000S\000U\000L\000T\000\040\000A\000N\000D\000\040\000A\000N\000A\000L\000Y\000S\000I\000S}{}% 57
\BOOKMARK [1][-]{section.6.1}{\376\377\000E\000n\000v\000i\000r\000o\000n\000m\000e\000n\000t\000a\000l\000\040\000S\000e\000n\000s\000o\000r\000-\000B\000a\000s\000e\000d\000\040\000F\000i\000r\000e\000\040\000R\000i\000s\000k\000\040\000A\000s\000s\000e\000s\000s\000m\000e\000n\000t}{chapter.6}% 58
\BOOKMARK [1][-]{section.6.2}{\376\377\000L\000o\000R\000a\000\040\000C\000o\000m\000m\000u\000n\000i\000c\000a\000t\000i\000o\000n\000\040\000S\000i\000m\000u\000l\000a\000t\000i\000o\000n\000\040\000R\000e\000s\000u\000l\000t\000s}{chapter.6}% 59
\BOOKMARK [1][-]{section.6.3}{\376\377\000C\000u\000r\000r\000e\000n\000t\000\040\000L\000i\000m\000i\000t\000a\000t\000i\000o\000n\000s}{chapter.6}% 60
\BOOKMARK [1][-]{section.6.4}{\376\377\000C\000u\000r\000r\000e\000n\000t\000\040\000P\000r\000o\000j\000e\000c\000t\000\040\000P\000r\000o\000g\000r\000e\000s\000s}{chapter.6}% 61
\BOOKMARK [1][-]{section.6.5}{\376\377\000A\000c\000o\000u\000s\000t\000i\000c\000\040\000T\000h\000r\000e\000a\000t\000\040\000D\000e\000t\000e\000c\000t\000i\000o\000n\000\040\000R\000e\000s\000u\000l\000t\000s}{chapter.6}% 62
\BOOKMARK [0][-]{chapter.7}{\376\377\000F\000U\000T\000U\000R\000E\000\040\000E\000N\000H\000A\000N\000C\000E\000M\000E\000N\000T\000S}{}% 63
\BOOKMARK [0][-]{chapter.8}{\376\377\000C\000O\000N\000C\000L\000U\000S\000I\000O\000N}{}% 64
\BOOKMARK [0][-]{chapter.9}{\376\377\000A\000P\000P\000E\000N\000D\000I\000C\000E\000S}{}% 65
\BOOKMARK [1][-]{section*.35}{\376\377\000A\000p\000p\000e\000n\000d\000i\000x\000\040\000A\000:\000\040\000P\000R\000O\000J\000E\000C\000T\000\040\000S\000C\000H\000E\000D\000U\000L\000E}{chapter.9}% 66
\BOOKMARK [1][-]{table.caption.36}{\376\377\000A\000p\000p\000e\000n\000d\000i\000x\000\040\000B\000:\000\040\000P\000R\000O\000J\000E\000C\000T\000\040\000B\000U\000D\000G\000E\000T}{chapter.9}% 67
\BOOKMARK [1][-]{table.caption.37}{\376\377\000A\000p\000p\000e\000n\000d\000i\000x\000\040\000C\000:\000\040\000H\000A\000R\000D\000W\000A\000R\000E\000\040\000P\000R\000O\000T\000O\000T\000Y\000P\000E\000\040\000S\000E\000T\000U\000P}{chapter.9}% 68
\BOOKMARK [0][-]{chapter*.39}{\376\377\000R\000E\000F\000E\000R\000E\000N\000C\000E\000S}{}% 69
